p1 none   #0  Align is running the session today.
p1 none   #1  Align is running the session today.
p1 none   #2  Align is running the session today.
p1 aline  #0  Aline is running the session today.
p1 aline  #1  Aline is running the session today.
p1 aline  #2  Aline is running the session today.
p1 seed   #0  Align is running the session today.
p1 seed   #1  Align is running the session today.
p1 seed   #2  Align is running the session today.
p1 both   #0  Aline is running the session today.
p1 both   #1  Aline is running the session today.
p1 both   #2  Aline is running the session today.
p7 none   #0  Align and Kemen are both on the call.
p7 none   #1  Align and Kemen are both on the call.
p7 none   #2  Align and Kemen are both on the call.
p7 aline  #0  Aline and Kemen are both on the call.
p7 aline  #1  Aline and Kemen are both on the call.
p7 aline  #2  Aline and Kemen are both on the call.
p7 seed   #0  Align and Kemin are both on the call.
p7 seed   #1  Align and Kemin are both on the call.
p7 seed   #2  Align and Kemin are both on the call.
p7 both   #0  Aline and Kemen are both on the call.
p7 both   #1  Aline and Kemen are both on the call.
p7 both   #2  Aline and Kemen are both on the call.
p8 none   #0  Ask a line about the Deepgram key terms.
p8 none   #1  Ask a line about the Deepgram key terms.
p8 none   #2  Ask a line about the Deepgram key terms.
p8 aline  #0  Ask Aline about the Deepgram key terms.
p8 aline  #1  Ask Aline about the Deepgram key terms.
p8 aline  #2  Ask Aline about the Deepgram key terms.
p8 seed   #0  Ask a line about the Deepgram keyterms.
p8 seed   #1  Ask a line about the Deepgram keyterms.
p8 seed   #2  Ask a line about the Deepgram keyterms.
p8 both   #0  Ask Aline about the Deepgram key terms.
p8 both   #1  Ask Aline about the Deepgram key terms.
p8 both   #2  Ask Aline about the Deepgram key terms.
c1 none   #0  Align booked the airline ticket.
c1 none   #1  Align booked the airline ticket.
c1 none   #2  Align booked the airline ticket.
c1 aline  #0  Aline booked the airline ticket.
c1 aline  #1  Aline booked the airline ticket.
c1 aline  #2  Aline booked the airline ticket.
c1 seed   #0  Align booked the airline ticket.
c1 seed   #1  Align booked the airline ticket.
c1 seed   #2  Align booked the airline ticket.
c1 both   #0  Aline booked the airline ticket.
c1 both   #1  Aline booked the airline ticket.
c1 both   #2  Aline booked the airline ticket.
c6 none   #0  Align said the airline lost her bag.
c6 none   #1  Align said the airline lost her bag.
c6 none   #2  Align said the airline lost her bag.
c6 aline  #0  Aline said the airline lost her bag.
c6 aline  #1  Aline said the airline lost her bag.
c6 aline  #2  Aline said the airline lost her bag.
c6 seed   #0  Align said the airline lost her bag.
c6 seed   #1  Align said the airline lost her bag.
c6 seed   #2  Align said the airline lost her bag.
c6 both   #0  Aline said the airline lost her bag.
c6 both   #1  Aline said the airline lost her bag.
c6 both   #2  Aline said the airline lost her bag.

=== ALINE RECOVERY RATE ===
none   "Aline" correct 0/15   contains "airline": 6/15
aline  "Aline" correct 15/15   contains "airline": 6/15
seed   "Aline" correct 0/15   contains "airline": 6/15
both   "Aline" correct 15/15   contains "airline": 6/15

wrote C:\Users\kenny\saas\inpublic\scripts\stt\results\aline.json
